// Jest Snapshot v1, https://goo.gl/fbAQLP

exports[`<Signup /> Signup matches snapshot 1`] = `ShallowWrapper {}`;
